ssh -J 1.2.3.4 user@example.com 'bash -se' << \EOF-SPATIE-SSH
whoami
EOF-SPATIE-SSH